twophasemapreduction: final:   10..10
twophasemapreduction: final:   9..9
twophasemapreduction: final:   {}
twophasemapreduction: map:     1..1 2..2 3..3 4..4 
twophasemapreduction: map:     1..2 3..4 {} {} 
twophasemapreduction: map:     2..3 {1,4} {} {} 
twophasemapreduction: partial: 5..5 6..6 {} {} 
twophasemapreduction: partial: 6..6 {} {} {} 
twophasemapreduction: partial: 7..7 8..8 {} {} 
twophasemapreduction: partial: 8..8 {} {} {} 
twophasemapreduction: partial: {} {} {} {} 
