twophasereduction: final:   10..10
twophasereduction: final:   11..11
twophasereduction: final:   12..12
twophasereduction: final:   9..9
twophasereduction: final:   {}
twophasereduction: partial: 1..1 2..2 {} {} {} {} {} 
twophasereduction: partial: 2..2 {} {} {} {} {} {} 
twophasereduction: partial: 3..3 4..4 {} {} {} {} {} 
twophasereduction: partial: 4..4 {} {} {} {} {} {} 
twophasereduction: partial: 5..5 6..6 {} {} {} {} {} 
twophasereduction: partial: 6..6 {} {} {} {} {} {} 
twophasereduction: partial: 7..7 8..8 {} {} {} {} {} 
twophasereduction: partial: 8..8 {} {} {} {} {} {} 
twophasereduction: partial: {} {} {} {} {} {} {} 
